// Jest Snapshot v1, https://goo.gl/fbAQLP

exports[`App error page test 1`] = `
<div
  data-testid="error-page"
>
  404
</div>
`;
